exports[`checkbox should exist 1`] = `undefined`;

exports[`test should exist 1`] = `
<div
  className="input checkbox">
  <h6
    className="soft-left push-half-left flush-bottom text-left float-left locked-top">
    <small />
  </h6>
  <input
    className={undefined}
    defaultChecked=""
    disabled={undefined}
    id={undefined}
    name={undefined}
    onClick={undefined}
    style={
      Object {
        "width": 0
      }
    }
    type="checkbox" />
  <label
    htmlFor={undefined}
    style={Object {}} />
</div>
`;
