exports[`test should accept props 1`] = `
<div
  className="input checkbox input--alert test5">
  <h6
    className="soft-left push-half-left flush-bottom text-left float-left locked-top">
    <small />
  </h6>
  <input
    className="test10 test11"
    defaultChecked="checked"
    disabled={true}
    id="test7"
    name={undefined}
    onClick={[Function clicked]}
    style={
      Object {
        "width": 0
      }
    }
    type="checkbox" />
  <label
    htmlFor="test7"
    style={Object {}} />
</div>
`;
