exports[`test accepts all props 1`] = `
<form
  action="hello"
  className="hard-ends test3"
  id="test1"
  method="test5"
  onSubmit={[Function anonymous]}
  style={
    Object {
      "display": "block"
    }
  }>
  <fieldset
    className="test7" />
</form>
`;

exports[`test should exist 1`] = `
<form
  action={undefined}
  className="hard-ends"
  id={undefined}
  method={undefined}
  onSubmit={undefined}
  style={undefined}>
  <fieldset
    className="flush-bottom" />
</form>
`;
